[coderthemes.com/osen/layouts/index.html]
[backblue.gif]
[fade.gif]
[index.html]
[coderthemes.com/osen/layouts/assets/images/favicon.ico]
[coderthemes.com/osen/layouts/assets/js/config.js]
[coderthemes.com/osen/layouts/assets/css/vendor.min.css]
[coderthemes.com/osen/layouts/assets/css/app.min.css]
[coderthemes.com/osen/layouts/assets/images/logo.png]
[coderthemes.com/osen/layouts/assets/css/icons.min.css]
[coderthemes.com/osen/layouts/assets/images/logo-sm.png]
[coderthemes.com/osen/layouts/assets/images/logo-dark.png]
[coderthemes.com/osen/layouts/dashboard-clinic.html]
[coderthemes.com/osen/layouts/dashboard-wallet.html]
[coderthemes.com/osen/layouts/apps-chat.html]
[coderthemes.com/osen/layouts/apps-calendar.html]
[coderthemes.com/osen/layouts/apps-email.html]
[coderthemes.com/osen/layouts/apps-file-manager.html]
[coderthemes.com/osen/layouts/apps-hospital-doctors.html]
[coderthemes.com/osen/layouts/apps-hospital-doctor-details.html]
[coderthemes.com/osen/layouts/apps-hospital-add-doctors.html]
[coderthemes.com/osen/layouts/apps-hospital-patients.html]
[coderthemes.com/osen/layouts/apps-hospital-patient-details.html]
[coderthemes.com/osen/layouts/apps-hospital-add-patients.html]
[coderthemes.com/osen/layouts/apps-hospital-appointments.html]
[coderthemes.com/osen/layouts/apps-hospital-payments.html]
[coderthemes.com/osen/layouts/apps-hospital-departments.html]
[coderthemes.com/osen/layouts/apps-hospital-reviews.html]
[coderthemes.com/osen/layouts/apps-hospital-contacts.html]
[coderthemes.com/osen/layouts/apps-hospital-staffs.html]
[coderthemes.com/osen/layouts/apps-ecommerce-products.html]
[coderthemes.com/osen/layouts/apps-ecommerce-products-grid.html]
[coderthemes.com/osen/layouts/apps-ecommerce-product-details.html]
[coderthemes.com/osen/layouts/apps-ecommerce-products-add.html]
[coderthemes.com/osen/layouts/apps-ecommerce-categories.html]
[coderthemes.com/osen/layouts/apps-ecommerce-orders.html]
[coderthemes.com/osen/layouts/apps-ecommerce-order-details.html]
[coderthemes.com/osen/layouts/apps-ecommerce-customers.html]
[coderthemes.com/osen/layouts/apps-ecommerce-sellers.html]
[coderthemes.com/osen/layouts/apps-invoices.html]
[coderthemes.com/osen/layouts/apps-invoice-details.html]
[coderthemes.com/osen/layouts/apps-invoice-create.html]
[coderthemes.com/osen/layouts/pages-starter.html]
[coderthemes.com/osen/layouts/pages-faq.html]
[coderthemes.com/osen/layouts/pages-maintenance.html]
[coderthemes.com/osen/layouts/pages-timeline.html]
[coderthemes.com/osen/layouts/pages-coming-soon.html]
[coderthemes.com/osen/layouts/pages-terms-conditions.html]
[coderthemes.com/osen/layouts/pages-pricing.html]
[coderthemes.com/osen/layouts/pages-pricing-two.html]
[coderthemes.com/osen/layouts/auth-login.html]
[coderthemes.com/osen/layouts/auth-register.html]
[coderthemes.com/osen/layouts/auth-logout.html]
[coderthemes.com/osen/layouts/auth-recoverpw.html]
[coderthemes.com/osen/layouts/auth-createpw.html]
[coderthemes.com/osen/layouts/auth-lock-screen.html]
[coderthemes.com/osen/layouts/auth-confirm-mail.html]
[coderthemes.com/osen/layouts/auth-login-pin.html]
[coderthemes.com/osen/layouts/auth-2fa.html]
[coderthemes.com/osen/layouts/auth-account-deactivation.html]
[coderthemes.com/osen/layouts/error-401.html]
[coderthemes.com/osen/layouts/error-400.html]
[coderthemes.com/osen/layouts/error-403.html]
[coderthemes.com/osen/layouts/error-404.html]
[coderthemes.com/osen/layouts/error-408.html]
[coderthemes.com/osen/layouts/error-500.html]
[coderthemes.com/osen/layouts/error-501.html]
[coderthemes.com/osen/layouts/error-502.html]
[coderthemes.com/osen/layouts/error-service-unavailable.html]
[coderthemes.com/osen/layouts/error-404-alt.html]
[coderthemes.com/osen/layouts/email-templates-basic.html]
[coderthemes.com/osen/layouts/email-templates-invoice.html]
[coderthemes.com/osen/layouts/email-templates-activation.html]
[coderthemes.com/osen/layouts/ui-accordions.html]
[coderthemes.com/osen/layouts/ui-alerts.html]
[coderthemes.com/osen/layouts/ui-avatars.html]
[coderthemes.com/osen/layouts/ui-badges.html]
[coderthemes.com/osen/layouts/ui-breadcrumb.html]
[coderthemes.com/osen/layouts/ui-buttons.html]
[coderthemes.com/osen/layouts/ui-cards.html]
[coderthemes.com/osen/layouts/ui-carousel.html]
[coderthemes.com/osen/layouts/ui-collapse.html]
[coderthemes.com/osen/layouts/ui-dropdowns.html]
[coderthemes.com/osen/layouts/ui-ratios.html]
[coderthemes.com/osen/layouts/ui-grid.html]
[coderthemes.com/osen/layouts/ui-links.html]
[coderthemes.com/osen/layouts/ui-list-group.html]
[coderthemes.com/osen/layouts/ui-modals.html]
[coderthemes.com/osen/layouts/ui-notifications.html]
[coderthemes.com/osen/layouts/ui-offcanvas.html]
[coderthemes.com/osen/layouts/ui-placeholders.html]
[coderthemes.com/osen/layouts/ui-pagination.html]
[coderthemes.com/osen/layouts/ui-popovers.html]
[coderthemes.com/osen/layouts/ui-progress.html]
[coderthemes.com/osen/layouts/ui-scrollspy.html]
[coderthemes.com/osen/layouts/ui-spinners.html]
[coderthemes.com/osen/layouts/ui-tabs.html]
[coderthemes.com/osen/layouts/ui-tooltips.html]
[coderthemes.com/osen/layouts/ui-typography.html]
[coderthemes.com/osen/layouts/ui-utilities.html]
[coderthemes.com/osen/layouts/extended-dragula.html]
[coderthemes.com/osen/layouts/extended-sweetalerts.html]
[coderthemes.com/osen/layouts/extended-ratings.html]
[coderthemes.com/osen/layouts/extended-scrollbar.html]
[coderthemes.com/osen/layouts/icons-tabler.html]
[coderthemes.com/osen/layouts/icons-solar.html]
[coderthemes.com/osen/layouts/charts-apex-area.html]
[coderthemes.com/osen/layouts/charts-apex-bar.html]
[coderthemes.com/osen/layouts/charts-apex-bubble.html]
[coderthemes.com/osen/layouts/charts-apex-candlestick.html]
[coderthemes.com/osen/layouts/charts-apex-column.html]
[coderthemes.com/osen/layouts/charts-apex-heatmap.html]
[coderthemes.com/osen/layouts/charts-apex-line.html]
[coderthemes.com/osen/layouts/charts-apex-mixed.html]
[coderthemes.com/osen/layouts/charts-apex-timeline.html]
[coderthemes.com/osen/layouts/charts-apex-boxplot.html]
[coderthemes.com/osen/layouts/charts-apex-treemap.html]
[coderthemes.com/osen/layouts/charts-apex-pie.html]
[coderthemes.com/osen/layouts/charts-apex-radar.html]
[coderthemes.com/osen/layouts/charts-apex-radialbar.html]
[coderthemes.com/osen/layouts/charts-apex-scatter.html]
[coderthemes.com/osen/layouts/charts-apex-polar-area.html]
[coderthemes.com/osen/layouts/charts-apex-sparklines.html]
[coderthemes.com/osen/layouts/form-elements.html]
[coderthemes.com/osen/layouts/form-inputmask.html]
[coderthemes.com/osen/layouts/form-picker.html]
[coderthemes.com/osen/layouts/form-select.html]
[coderthemes.com/osen/layouts/form-range-slider.html]
[coderthemes.com/osen/layouts/form-validation.html]
[coderthemes.com/osen/layouts/form-wizard.html]
[coderthemes.com/osen/layouts/form-fileuploads.html]
[coderthemes.com/osen/layouts/form-editors.html]
[coderthemes.com/osen/layouts/form-layouts.html]
[coderthemes.com/osen/layouts/tables-basic.html]
[coderthemes.com/osen/layouts/tables-gridjs.html]
[coderthemes.com/osen/layouts/maps-google.html]
[coderthemes.com/osen/layouts/maps-vector.html]
[coderthemes.com/osen/layouts/maps-leaflet.html]
[coderthemes.com/osen/layouts/layouts-horizontal.html]
[coderthemes.com/osen/layouts/layouts-detached.html]
[coderthemes.com/osen/layouts/layouts-full.html]
[coderthemes.com/osen/layouts/layouts-fullscreen.html]
[coderthemes.com/osen/layouts/layouts-hover.html]
[coderthemes.com/osen/layouts/layouts-compact.html]
[coderthemes.com/osen/layouts/layouts-icon-view.html]
[coderthemes.com/osen/layouts/assets/images/users/avatar-2.jpg]
[coderthemes.com/osen/layouts/assets/images/users/avatar-4.jpg]
[coderthemes.com/osen/layouts/assets/images/users/avatar-7.jpg]
[coderthemes.com/osen/layouts/assets/images/users/avatar-10.jpg]
[coderthemes.com/osen/layouts/assets/images/users/avatar-1.jpg]
[coderthemes.com/osen/layouts/assets/images/products/p-1.png]
[coderthemes.com/osen/layouts/assets/images/products/p-7.png]
[coderthemes.com/osen/layouts/assets/images/products/p-4.png]
[coderthemes.com/osen/layouts/assets/images/products/p-5.png]
[coderthemes.com/osen/layouts/assets/images/products/p-6.png]
[coderthemes.com/osen/layouts/assets/images/products/p-3.png]
[coderthemes.com/osen/layouts/assets/images/products/p-2.png]
[coderthemes.com/osen/layouts/assets/js/app.js]
[coderthemes.com/osen/layouts/assets/js/vendor.min.js]
[coderthemes.com/osen/layouts/assets/js/pages/dashboard-sales.js]
[coderthemes.com/osen/layouts/index.html]
[coderthemes.com/osen/layouts/assets/css/vendor.min.css]
[coderthemes.com/osen/layouts/assets/images/dr-profile/dr-bg.jpg]
[coderthemes.com/osen/layouts/assets/images/small/small-3.jpg]
[coderthemes.com/osen/layouts/assets/css/app.min.css]
[coderthemes.com/osen/layouts/assets/fonts/tabler-icons3026.woff2]
[coderthemes.com/osen/layouts/assets/vendor/apexcharts/apexcharts.min.js]
[coderthemes.com/osen/layouts/assets/fonts/tabler-iconsd41d.woff]
[coderthemes.com/osen/layouts/assets/fonts/tabler-icons3026.ttf]
[coderthemes.com/osen/layouts/assets/css/icons.min.css]
[coderthemes.com/osen/layouts/assets/images/users/doctors/dr-one.jpg]
[coderthemes.com/osen/layouts/assets/images/users/doctors/dr-four.jpg]
[coderthemes.com/osen/layouts/assets/images/users/doctors/dr-two.jpg]
[coderthemes.com/osen/layouts/assets/images/users/doctors/dr-five.jpg]
[coderthemes.com/osen/layouts/assets/images/users/doctors/dr-three.jpg]
[coderthemes.com/osen/layouts/assets/images/users/doctors/dr-six.jpg]
[coderthemes.com/osen/layouts/assets/js/pages/dashboard-clinic.js]
[coderthemes.com/osen/layouts/dashboard-clinic.html]
[coderthemes.com/osen/layouts/assets/images/users/avatar-5.jpg]
[coderthemes.com/osen/layouts/assets/images/users/avatar-3.jpg]
[coderthemes.com/osen/layouts/assets/images/users/avatar-8.jpg]
[apexcharts.com/samples/assets/stock-prices.js]
[apexcharts.com/samples/assets/github-data.js]
[apexcharts.com/samples/assets/irregular-data-series.js]
[coderthemes.com/osen/layouts/assets/js/pages/dashboard-wallet.js]
[coderthemes.com/osen/layouts/dashboard-wallet.html]
[coderthemes.com/osen/layouts/assets/images/users/avatar-9.jpg]
[coderthemes.com/osen/layouts/assets/images/users/avatar-6.jpg]
[coderthemes.com/osen/layouts/apps-chat.html]
[coderthemes.com/osen/layouts/assets/js/pages/apps-calendar.js]
[coderthemes.com/osen/layouts/apps-calendar.html]
[coderthemes.com/osen/layouts/assets/vendor/fullcalendar/index.global.min.js]
[coderthemes.com/osen/layouts/assets/vendor/quill/quill.core.css]
[coderthemes.com/osen/layouts/assets/vendor/quill/quill.snow.css]
[coderthemes.com/osen/layouts/assets/vendor/quill/quill.min.js]
[coderthemes.com/osen/layouts/assets/js/pages/apps-email.js]
[coderthemes.com/osen/layouts/apps-email.html]
[coderthemes.com/osen/layouts/apps-file-manager.html]
[coderthemes.com/osen/layouts/apps-hospital-doctors.html]
[coderthemes.com/osen/layouts/assets/vendor/dropzone/min/dropzone.min.js]
[coderthemes.com/osen/layouts/assets/js/pages/form-fileupload.js]
[coderthemes.com/osen/layouts/assets/js/pages/page-profile.js]
[coderthemes.com/osen/layouts/apps-hospital-doctor-details.html]
[coderthemes.com/osen/layouts/assets/vendor/dropzone/min/dropzone.min.css]
[coderthemes.com/osen/layouts/assets/js/pages/doctor-add.js]
[coderthemes.com/osen/layouts/apps-hospital-add-doctors.html]
[coderthemes.com/osen/layouts/apps-hospital-patients.html]
[cdnjs.cloudflare.com/ajax/libs/dayjs/1.11.0/dayjs.min.js]
[cdnjs.cloudflare.com/ajax/libs/dayjs/1.11.0/plugin/quarterOfYear.min.js]
[coderthemes.com/osen/layouts/assets/js/pages/patient-details.js]
[coderthemes.com/osen/layouts/apps-hospital-patient-details.html]
[coderthemes.com/osen/layouts/assets/js/pages/patient-add.js]
[coderthemes.com/osen/layouts/apps-hospital-add-patients.html]
[coderthemes.com/osen/layouts/apps-hospital-appointments.html]
[coderthemes.com/osen/layouts/apps-hospital-payments.html]
[coderthemes.com/osen/layouts/assets/images/department/d-1.png]
[coderthemes.com/osen/layouts/assets/images/department/d-2.png]
[coderthemes.com/osen/layouts/assets/images/department/d-3.png]
[coderthemes.com/osen/layouts/assets/images/department/d-4.png]
[coderthemes.com/osen/layouts/assets/images/department/d-5.png]
[coderthemes.com/osen/layouts/assets/images/department/d-6.png]
[coderthemes.com/osen/layouts/assets/images/department/d-7.png]
[coderthemes.com/osen/layouts/assets/images/department/d-8.png]
[coderthemes.com/osen/layouts/apps-hospital-departments.html]
[coderthemes.com/osen/layouts/apps-hospital-reviews.html]
[coderthemes.com/osen/layouts/apps-hospital-contacts.html]
[coderthemes.com/osen/layouts/apps-hospital-staffs.html]
[coderthemes.com/osen/layouts/assets/images/products/p-8.png]
[coderthemes.com/osen/layouts/assets/images/products/p-13.png]
[coderthemes.com/osen/layouts/assets/images/products/p-14.png]
[coderthemes.com/osen/layouts/assets/images/products/p-15.png]
[coderthemes.com/osen/layouts/apps-ecommerce-products.html]
[coderthemes.com/osen/layouts/assets/vendor/nouislider/nouislider.min.css]
[coderthemes.com/osen/layouts/assets/vendor/nouislider/nouislider.min.js]
[coderthemes.com/osen/layouts/assets/vendor/wnumb/wNumb.min.js]
[coderthemes.com/osen/layouts/assets/vendor/select2/js/select2.min.js]
[coderthemes.com/osen/layouts/assets/js/pages/ecommerce-product-grid-list.init.js]
[coderthemes.com/osen/layouts/apps-ecommerce-products-grid.html]
[coderthemes.com/osen/layouts/assets/vendor/swiper/swiper-bundle.min.css]
[coderthemes.com/osen/layouts/assets/images/products/p-9.png]
[coderthemes.com/osen/layouts/assets/images/products/p-10.png]
[coderthemes.com/osen/layouts/assets/images/products/p-11.png]
[coderthemes.com/osen/layouts/assets/images/products/p-12.png]
[coderthemes.com/osen/layouts/apps-ecommerce-product-details.html]
[coderthemes.com/osen/layouts/assets/vendor/@simonwep/pickr/themes/classic.min.css]
[coderthemes.com/osen/layouts/assets/vendor/@simonwep/pickr/themes/monolith.min.css]
[coderthemes.com/osen/layouts/assets/vendor/@simonwep/pickr/themes/nano.min.css]
[coderthemes.com/osen/layouts/assets/vendor/@simonwep/pickr/pickr.min.js]
[coderthemes.com/osen/layouts/assets/js/pages/ecommerce-add-products.js]
[coderthemes.com/osen/layouts/apps-ecommerce-products-add.html]
[coderthemes.com/osen/layouts/apps-ecommerce-categories.html]
[coderthemes.com/osen/layouts/assets/vendor/daterangepicker/daterangepicker.css]
[coderthemes.com/osen/layouts/apps-ecommerce-orders.html]
[coderthemes.com/osen/layouts/apps-ecommerce-order-details.html]
[coderthemes.com/osen/layouts/apps-ecommerce-customers.html]
[coderthemes.com/osen/layouts/assets/vendor/apexcharts/apexcharts.css]
[coderthemes.com/osen/layouts/assets/js/pages/sellers.js]
[coderthemes.com/osen/layouts/apps-ecommerce-sellers.html]
[coderthemes.com/osen/layouts/assets/vendor/flatpickr/flatpickr.min.css]
[coderthemes.com/osen/layouts/apps-invoices.html]
[coderthemes.com/osen/layouts/assets/vendor/flatpickr/flatpickr.min.js]
[coderthemes.com/osen/layouts/assets/images/png/qr-code.png]
[coderthemes.com/osen/layouts/assets/images/png/signature.png]
[coderthemes.com/osen/layouts/apps-invoice-details.html]
[coderthemes.com/osen/layouts/apps-invoice-create.html]
[coderthemes.com/osen/layouts/pages-starter.html]
[coderthemes.com/osen/layouts/assets/images/png/faq.png]
[coderthemes.com/osen/layouts/pages-faq.html]
[coderthemes.com/osen/layouts/assets/images/png/maintenance.png]
[coderthemes.com/osen/layouts/pages-maintenance.html]
[coderthemes.com/osen/layouts/assets/images/small/small-7.jpg]
[coderthemes.com/osen/layouts/assets/images/small/small-4.jpg]
[coderthemes.com/osen/layouts/assets/images/small/small-1.jpg]
[coderthemes.com/osen/layouts/assets/images/small/small-2.jpg]
[coderthemes.com/osen/layouts/pages-timeline.html]
[coderthemes.com/osen/layouts/assets/images/png/coming-soon.png]
[coderthemes.com/osen/layouts/assets/js/pages/coming-soon.js]
[coderthemes.com/osen/layouts/pages-coming-soon.html]
[coderthemes.com/osen/layouts/pages-terms-conditions.html]
[coderthemes.com/osen/layouts/pages-pricing.html]
[coderthemes.com/osen/layouts/pages-pricing-two.html]
[coderthemes.com/osen/layouts/auth-login.html]
[coderthemes.com/osen/layouts/auth-register.html]
[coderthemes.com/osen/layouts/auth-logout.html]
[coderthemes.com/osen/layouts/auth-recoverpw.html]
[coderthemes.com/osen/layouts/auth-createpw.html]
[coderthemes.com/osen/layouts/auth-lock-screen.html]
[coderthemes.com/osen/layouts/auth-confirm-mail.html]
[coderthemes.com/osen/layouts/auth-login-pin.html]
[coderthemes.com/osen/layouts/auth-2fa.html]
[coderthemes.com/osen/layouts/auth-account-deactivation.html]
[coderthemes.com/osen/layouts/assets/images/error/error-401.png]
[coderthemes.com/osen/layouts/error-401.html]
[coderthemes.com/osen/layouts/assets/images/error/error-400.png]
[coderthemes.com/osen/layouts/error-400.html]
[coderthemes.com/osen/layouts/assets/images/error/error-403.png]
[coderthemes.com/osen/layouts/error-403.html]
[coderthemes.com/osen/layouts/assets/images/error/error-404.png]
[coderthemes.com/osen/layouts/error-404.html]
[coderthemes.com/osen/layouts/assets/images/error/error-408.png]
[coderthemes.com/osen/layouts/error-408.html]
[coderthemes.com/osen/layouts/assets/images/error/error-500.png]
[coderthemes.com/osen/layouts/error-500.html]
[coderthemes.com/osen/layouts/assets/images/error/error-501.png]
[coderthemes.com/osen/layouts/error-501.html]
[coderthemes.com/osen/layouts/assets/images/error/error-502.png]
[coderthemes.com/osen/layouts/error-502.html]
[coderthemes.com/osen/layouts/assets/images/error/error-503.png]
[coderthemes.com/osen/layouts/error-service-unavailable.html]
[coderthemes.com/osen/layouts/error-404-alt.html]
[coderthemes.com/osen/layouts/email-templates-basic.html]
[coderthemes.com/osen/layouts/email-templates-invoice.html]
[coderthemes.com/osen/layouts/email-templates-activation.html]
[coderthemes.com/osen/layouts/ui-accordions.html]
[coderthemes.com/osen/layouts/ui-alerts.html]
[coderthemes.com/osen/layouts/ui-avatars.html]
[coderthemes.com/osen/layouts/ui-badges.html]
[coderthemes.com/osen/layouts/ui-breadcrumb.html]
[coderthemes.com/osen/layouts/ui-buttons.html]
[coderthemes.com/osen/layouts/ui-cards.html]
[coderthemes.com/osen/layouts/assets/images/small/small-5.jpg]
[coderthemes.com/osen/layouts/assets/images/small/small-6.jpg]
[coderthemes.com/osen/layouts/ui-carousel.html]
[coderthemes.com/osen/layouts/ui-collapse.html]
[coderthemes.com/osen/layouts/ui-dropdowns.html]
[coderthemes.com/osen/layouts/ui-ratios.html]
[coderthemes.com/osen/layouts/ui-grid.html]
[coderthemes.com/osen/layouts/ui-links.html]
[coderthemes.com/osen/layouts/ui-list-group.html]
[coderthemes.com/osen/layouts/ui-modals.html]
[coderthemes.com/osen/layouts/assets/vendor/jquery-toast-plugin/jquery.toast.min.css]
[coderthemes.com/osen/layouts/ui-notifications.html]
[coderthemes.com/osen/layouts/ui-offcanvas.html]
[coderthemes.com/osen/layouts/ui-placeholders.html]
[coderthemes.com/osen/layouts/ui-pagination.html]
[coderthemes.com/osen/layouts/ui-popovers.html]
[coderthemes.com/osen/layouts/ui-progress.html]
[coderthemes.com/osen/layouts/ui-scrollspy.html]
[coderthemes.com/osen/layouts/ui-spinners.html]
[coderthemes.com/osen/layouts/ui-tabs.html]
[coderthemes.com/osen/layouts/ui-tooltips.html]
[coderthemes.com/osen/layouts/ui-typography.html]
[coderthemes.com/osen/layouts/ui-utilities.html]
[coderthemes.com/osen/layouts/assets/vendor/dragula/dragula.min.js]
[coderthemes.com/osen/layouts/assets/js/pages/extended-dragula.js]
[coderthemes.com/osen/layouts/extended-dragula.html]
[coderthemes.com/osen/layouts/assets/vendor/sweetalert2/sweetalert2.min.css]
[coderthemes.com/osen/layouts/assets/vendor/sweetalert2/sweetalert2.min.js]
[coderthemes.com/osen/layouts/assets/js/pages/extended-sweetalerts.js]
[coderthemes.com/osen/layouts/extended-sweetalerts.html]
[coderthemes.com/osen/layouts/assets/vendor/rater-js/index.js]
[coderthemes.com/osen/layouts/assets/js/pages/extended-rating.js]
[coderthemes.com/osen/layouts/extended-ratings.html]
[coderthemes.com/osen/layouts/extended-scrollbar.html]
[coderthemes.com/osen/layouts/icons-tabler.html]
[coderthemes.com/osen/layouts/icons-solar.html]
[coderthemes.com/osen/layouts/assets/vendor/moment/moment.js]
[coderthemes.com/osen/layouts/assets/js/pages/chart-apex-area.js]
[coderthemes.com/osen/layouts/charts-apex-area.html]
[coderthemes.com/osen/layouts/assets/js/pages/chart-apex-bar.js]
[coderthemes.com/osen/layouts/charts-apex-bar.html]
[coderthemes.com/osen/layouts/assets/js/pages/chart-apex-bubble.js]
[coderthemes.com/osen/layouts/charts-apex-bubble.html]
[apexcharts.com/samples/assets/ohlc.js]
[cdnjs.cloudflare.com/ajax/libs/dayjs/1.8.17/dayjs.min.js]
[coderthemes.com/osen/layouts/assets/js/pages/chart-apex-candlestick.js]
[coderthemes.com/osen/layouts/charts-apex-candlestick.html]
[coderthemes.com/osen/layouts/assets/js/pages/chart-apex-column.js]
[coderthemes.com/osen/layouts/charts-apex-column.html]
[coderthemes.com/osen/layouts/assets/js/pages/chart-apex-heatmap.js]
[coderthemes.com/osen/layouts/charts-apex-heatmap.html]
[coderthemes.com/osen/layouts/assets/js/pages/chart-apex-line.js]
[coderthemes.com/osen/layouts/charts-apex-line.html]
[coderthemes.com/osen/layouts/assets/js/pages/chart-apex-mixed.js]
[coderthemes.com/osen/layouts/charts-apex-mixed.html]
[coderthemes.com/osen/layouts/assets/vendor/moment/min/moment.min.js]
[coderthemes.com/osen/layouts/assets/js/pages/chart-apex-timeline.js]
[coderthemes.com/osen/layouts/charts-apex-timeline.html]
[coderthemes.com/osen/layouts/assets/js/pages/chart-apex-boxplot.js]
[coderthemes.com/osen/layouts/charts-apex-boxplot.html]
[coderthemes.com/osen/layouts/assets/js/pages/chart-apex-treemap.js]
[coderthemes.com/osen/layouts/charts-apex-treemap.html]
[coderthemes.com/osen/layouts/assets/js/pages/chart-apex-pie.js]
[coderthemes.com/osen/layouts/charts-apex-pie.html]
[coderthemes.com/osen/layouts/assets/js/pages/chart-apex-radar.js]
[coderthemes.com/osen/layouts/charts-apex-radar.html]
[coderthemes.com/osen/layouts/assets/js/pages/chart-apex-radialbar.js]
[coderthemes.com/osen/layouts/charts-apex-radialbar.html]
[coderthemes.com/osen/layouts/assets/js/pages/chart-apex-scatter.js]
[coderthemes.com/osen/layouts/charts-apex-scatter.html]
[coderthemes.com/osen/layouts/assets/js/pages/chart-apex-polar-area.js]
[coderthemes.com/osen/layouts/charts-apex-polar-area.html]
[coderthemes.com/osen/layouts/assets/js/pages/chart-apex-sparklines.js]
[coderthemes.com/osen/layouts/charts-apex-sparklines.html]
[coderthemes.com/osen/layouts/form-elements.html]
[coderthemes.com/osen/layouts/form-inputmask.html]
[coderthemes.com/osen/layouts/form-picker.html]
[coderthemes.com/osen/layouts/form-select.html]
[coderthemes.com/osen/layouts/assets/js/pages/extended-range-slider.js]
[coderthemes.com/osen/layouts/form-range-slider.html]
[coderthemes.com/osen/layouts/form-validation.html]
[coderthemes.com/osen/layouts/assets/vendor/vanilla-wizard/js/wizard.min.js]
[coderthemes.com/osen/layouts/assets/js/pages/form-wizard.js]
[coderthemes.com/osen/layouts/form-wizard.html]
[coderthemes.com/osen/layouts/form-fileuploads.html]
[coderthemes.com/osen/layouts/assets/vendor/quill/quill.bubble.css]
[coderthemes.com/osen/layouts/assets/js/pages/form-quilljs.js]
[coderthemes.com/osen/layouts/form-editors.html]
[coderthemes.com/osen/layouts/form-layouts.html]
[coderthemes.com/osen/layouts/tables-basic.html]
[coderthemes.com/osen/layouts/assets/vendor/gridjs/theme/mermaid.min.css]
[coderthemes.com/osen/layouts/assets/vendor/gridjs/gridjs.umd.js]
[coderthemes.com/osen/layouts/assets/js/pages/table-gridjs.js]
[coderthemes.com/osen/layouts/tables-gridjs.html]
[coderthemes.com/osen/layouts/assets/vendor/gmaps/gmaps.min.js]
[coderthemes.com/osen/layouts/assets/js/pages/maps-google.js]
[coderthemes.com/osen/layouts/maps-google.html]
[coderthemes.com/osen/layouts/assets/vendor/jsvectormap/jsvectormap.min.css]
[coderthemes.com/osen/layouts/assets/vendor/jsvectormap/jsvectormap.min.js]
[coderthemes.com/osen/layouts/assets/vendor/jsvectormap/maps/world-merc.js]
[coderthemes.com/osen/layouts/assets/vendor/jsvectormap/maps/world.js]
[coderthemes.com/osen/layouts/assets/js/maps/in-mill-en.js]
[coderthemes.com/osen/layouts/assets/js/maps/iraq.js]
[coderthemes.com/osen/layouts/assets/js/maps/canada.js]
[coderthemes.com/osen/layouts/assets/js/maps/russia.js]
[coderthemes.com/osen/layouts/assets/js/maps/us-aea-en.js]
[coderthemes.com/osen/layouts/assets/js/maps/spain.js]
[coderthemes.com/osen/layouts/assets/js/maps/us-mill-en.js]
[coderthemes.com/osen/layouts/assets/js/maps/us-lcc-en.js]
[coderthemes.com/osen/layouts/assets/js/pages/maps-vector.js]
[coderthemes.com/osen/layouts/maps-vector.html]
[coderthemes.com/osen/layouts/assets/vendor/leaflet/leaflet.css]
[coderthemes.com/osen/layouts/assets/vendor/leaflet/leaflet.js]
[coderthemes.com/osen/layouts/assets/js/maps/leaflet-data.js]
[coderthemes.com/osen/layouts/assets/js/pages/maps-leaflet.js]
[coderthemes.com/osen/layouts/maps-leaflet.html]
[coderthemes.com/osen/layouts/ui-embed-video.html]
[coderthemes.com/osen/layouts/layouts-horizontal.html]
[coderthemes.com/osen/layouts/layouts-detached.html]
[coderthemes.com/osen/layouts/layouts-full.html]
[coderthemes.com/osen/layouts/layouts-fullscreen.html]
[coderthemes.com/osen/layouts/layouts-hover.html]
[coderthemes.com/osen/layouts/layouts-compact.html]
[coderthemes.com/osen/layouts/layouts-icon-view.html]
[coderthemes.com/osen/layouts/assets/images/coffee-cup.svg]
[coderthemes.com/osen/layouts/apps-kanban.html]
[coderthemes.com/osen/layouts/assets/images/flags/us.svg]
[coderthemes.com/osen/layouts/assets/images/flags/in.svg]
[coderthemes.com/osen/layouts/assets/images/flags/de.svg]
[coderthemes.com/osen/layouts/assets/images/flags/it.svg]
[coderthemes.com/osen/layouts/assets/images/flags/es.svg]
[coderthemes.com/osen/layouts/assets/images/flags/ru.svg]
[coderthemes.com/osen/layouts/assets/images/brands/slack.svg]
[coderthemes.com/osen/layouts/assets/images/brands/gitlab.svg]
[coderthemes.com/osen/layouts/assets/images/brands/dribbble.svg]
[coderthemes.com/osen/layouts/assets/images/brands/bitbucket.svg]
[coderthemes.com/osen/layouts/assets/images/brands/dropbox.svg]
[coderthemes.com/osen/layouts/assets/images/brands/google-cloud.svg]
[coderthemes.com/osen/layouts/assets/images/brands/aws.svg]
[coderthemes.com/osen/layouts/assets/images/brands/digital-ocean.svg]
[coderthemes.com/osen/layouts/assets/images/brands/bootstrap.svg]
[coderthemes.com/osen/layouts/assets/images/products/logo/logo-1.svg]
[coderthemes.com/osen/layouts/assets/images/products/logo/logo-4.svg]
[coderthemes.com/osen/layouts/assets/images/products/logo/logo-5.svg]
[coderthemes.com/osen/layouts/assets/images/products/logo/logo-6.svg]
[coderthemes.com/osen/layouts/assets/images/products/logo/logo-8.svg]
[coderthemes.com/osen/layouts/assets/images/png/arrows.svg]
[coderthemes.com/osen/layouts/assets/images/banner-1.html]
[coderthemes.com/osen/layouts/assets/images/cards/visa-white.svg]
[coderthemes.com/osen/layouts/assets/images/cards/discover-white.svg]
[coderthemes.com/osen/layouts/assets/images/cards/mastercard.svg]
[coderthemes.com/osen/layouts/assets/images/cards/visa.svg]
[coderthemes.com/osen/layouts/assets/images/cards/payoneer.svg]
[coderthemes.com/osen/layouts/assets/images/cards/unionpay.svg]
[coderthemes.com/osen/layouts/assets/images/cards/paypal.svg]
[coderthemes.com/osen/layouts/assets/images/cards/stripe.svg]
[apexcharts.com/samples/assets/series1000.js]
[coderthemes.com/osen/layouts/assets/vendor/quill/quill.core.css]
[coderthemes.com/osen/layouts/assets/vendor/quill/quill.snow.css]
[coderthemes.com/osen/layouts/assets/images/brands/instagram.svg]
[coderthemes.com/osen/layouts/assets/images/brands/amazon.svg]
[coderthemes.com/osen/layouts/assets/images/brands/linkedin.svg]
[coderthemes.com/osen/layouts/assets/images/sellers/s-6.svg]
[coderthemes.com/osen/layouts/assets/images/panda.svg]
[coderthemes.com/osen/layouts/assets/images/dr-profile/h-1.svg]
[coderthemes.com/osen/layouts/assets/images/dr-profile/h-2.svg]
[coderthemes.com/osen/layouts/assets/images/dr-profile/h-3.svg]
[coderthemes.com/osen/layouts/assets/vendor/dropzone/min/dropzone.min.css]
[coderthemes.com/osen/layouts/assets/vendor/nouislider/nouislider.min.css]
[coderthemes.com/osen/layouts/assets/vendor/swiper/swiper-bundle.min.css]
[coderthemes.com/osen/layouts/assets/vendor/@simonwep/pickr/themes/classic.min.css]
[coderthemes.com/osen/layouts/assets/vendor/@simonwep/pickr/themes/monolith.min.css]
[coderthemes.com/osen/layouts/assets/vendor/@simonwep/pickr/themes/nano.min.css]
[coderthemes.com/osen/layouts/assets/vendor/daterangepicker/daterangepicker.css]
[coderthemes.com/osen/layouts/assets/vendor/apexcharts/apexcharts.css]
[coderthemes.com/osen/layouts/assets/images/sellers/s-1.svg]
[coderthemes.com/osen/layouts/assets/images/sellers/s-4.svg]
[coderthemes.com/osen/layouts/assets/images/sellers/s-7.svg]
[coderthemes.com/osen/layouts/assets/images/sellers/s-8.svg]
[coderthemes.com/osen/layouts/assets/images/sellers/s-2.svg]
[coderthemes.com/osen/layouts/assets/vendor/flatpickr/flatpickr.min.css]
[coderthemes.com/osen/layouts/assets/vendor/jquery-toast-plugin/jquery.toast.min.css]
[coderthemes.com/osen/layouts/assets/vendor/sweetalert2/sweetalert2.min.css]
[coderthemes.com/osen/layouts/assets/js/pages/form-inputmask.js]
[coderthemes.com/osen/layouts/assets/vendor/quill/quill.bubble.css]
[coderthemes.com/osen/layouts/assets/vendor/gridjs/theme/mermaid.min.css]
[coderthemes.com/osen/layouts/assets/vendor/jsvectormap/jsvectormap.min.css]
[coderthemes.com/osen/layouts/assets/vendor/leaflet/images/layers.png]
[coderthemes.com/osen/layouts/assets/vendor/leaflet/images/layers-2x.png]
[coderthemes.com/osen/layouts/assets/vendor/leaflet/images/marker-icon.png]
[coderthemes.com/osen/layouts/assets/vendor/leaflet/leaflet.css]
[coderthemes.com/osen/layouts/apps-projects-list.html]
[coderthemes.com/osen/layouts/apps-projects-details.html]
[coderthemes.com/osen/layouts/apps-projects-gantt.html]
[coderthemes.com/osen/layouts/apps-projects-add.html]
[coderthemes.com/osen/layouts/apps-social-feed.html]
[coderthemes.com/osen/layouts/widgets.html]
[coderthemes.com/osen/layouts/ui-embed-video.html]
[coderthemes.com/osen/layouts/ui-ribbons.html]
